###############################################################################
#
# IAR ELF Linker V9.50.2.385/W64 for ARM                  01/Dec/2024  05:35:51
# Copyright 2007-2024 IAR Systems AB.
#
#    Output file  =
#        C:\Users\CXADO6919\Desktop\en.stsw-stm32065_v1-9-0\STM32F4xx_DSP_StdPeriph_Lib_V1.9.0\Project\PhysicalComputingProject\Debug\Exe\lec_10.out
#    Map file     =
#        C:\Users\CXADO6919\Desktop\en.stsw-stm32065_v1-9-0\STM32F4xx_DSP_StdPeriph_Lib_V1.9.0\Project\PhysicalComputingProject\Debug\List\lec_10.map
#    Command line =
#        -f
#        C:\Users\CXADO6919\Desktop\en.stsw-stm32065_v1-9-0\STM32F4xx_DSP_StdPeriph_Lib_V1.9.0\Project\PhysicalComputingProject\Debug\Exe\lec_10.out.rsp
#        (C:\Users\CXADO6919\Desktop\en.stsw-stm32065_v1-9-0\STM32F4xx_DSP_StdPeriph_Lib_V1.9.0\Project\PhysicalComputingProject\Debug\Obj\main.o
#        C:\Users\CXADO6919\Desktop\en.stsw-stm32065_v1-9-0\STM32F4xx_DSP_StdPeriph_Lib_V1.9.0\Project\PhysicalComputingProject\Debug\Obj\misc.o
#        C:\Users\CXADO6919\Desktop\en.stsw-stm32065_v1-9-0\STM32F4xx_DSP_StdPeriph_Lib_V1.9.0\Project\PhysicalComputingProject\Debug\Obj\startup_stm32f40_41xxx.o
#        C:\Users\CXADO6919\Desktop\en.stsw-stm32065_v1-9-0\STM32F4xx_DSP_StdPeriph_Lib_V1.9.0\Project\PhysicalComputingProject\Debug\Obj\stm32f4xx_adc.o
#        C:\Users\CXADO6919\Desktop\en.stsw-stm32065_v1-9-0\STM32F4xx_DSP_StdPeriph_Lib_V1.9.0\Project\PhysicalComputingProject\Debug\Obj\stm32f4xx_exti.o
#        C:\Users\CXADO6919\Desktop\en.stsw-stm32065_v1-9-0\STM32F4xx_DSP_StdPeriph_Lib_V1.9.0\Project\PhysicalComputingProject\Debug\Obj\stm32f4xx_gpio.o
#        C:\Users\CXADO6919\Desktop\en.stsw-stm32065_v1-9-0\STM32F4xx_DSP_StdPeriph_Lib_V1.9.0\Project\PhysicalComputingProject\Debug\Obj\stm32f4xx_it.o
#        C:\Users\CXADO6919\Desktop\en.stsw-stm32065_v1-9-0\STM32F4xx_DSP_StdPeriph_Lib_V1.9.0\Project\PhysicalComputingProject\Debug\Obj\stm32f4xx_rcc.o
#        C:\Users\CXADO6919\Desktop\en.stsw-stm32065_v1-9-0\STM32F4xx_DSP_StdPeriph_Lib_V1.9.0\Project\PhysicalComputingProject\Debug\Obj\stm32f4xx_syscfg.o
#        C:\Users\CXADO6919\Desktop\en.stsw-stm32065_v1-9-0\STM32F4xx_DSP_StdPeriph_Lib_V1.9.0\Project\PhysicalComputingProject\Debug\Obj\stm32f4xx_tim.o
#        C:\Users\CXADO6919\Desktop\en.stsw-stm32065_v1-9-0\STM32F4xx_DSP_StdPeriph_Lib_V1.9.0\Project\PhysicalComputingProject\Debug\Obj\stm32f4xx_usart.o
#        C:\Users\CXADO6919\Desktop\en.stsw-stm32065_v1-9-0\STM32F4xx_DSP_StdPeriph_Lib_V1.9.0\Project\PhysicalComputingProject\Debug\Obj\system_stm32f4xx.o
#        --no_out_extension -o
#        C:\Users\CXADO6919\Desktop\en.stsw-stm32065_v1-9-0\STM32F4xx_DSP_StdPeriph_Lib_V1.9.0\Project\PhysicalComputingProject\Debug\Exe\lec_10.out
#        --redirect _Printf=_PrintfFullNoMb --redirect _Scanf=_ScanfFullNoMb
#        --map
#        C:\Users\CXADO6919\Desktop\en.stsw-stm32065_v1-9-0\STM32F4xx_DSP_StdPeriph_Lib_V1.9.0\Project\PhysicalComputingProject\Debug\List\lec_10.map
#        --config "C:\Program Files\IAR Systems\Embedded Workbench
#        9.2\arm/config/linker/ST/stm32f411xE.icf" --semihosting --entry
#        __iar_program_start --vfe --text_out locale --cpu=Cortex-M4
#        --fpu=VFPv4_sp) --dependencies=n
#        C:\Users\CXADO6919\Desktop\en.stsw-stm32065_v1-9-0\STM32F4xx_DSP_StdPeriph_Lib_V1.9.0\Project\PhysicalComputingProject\Debug\Exe\lec_10.out.iar_deps
#
###############################################################################

*******************************************************************************
*** RUNTIME MODEL ATTRIBUTES
***

CppFlavor       = *
__CPP_Runtime   = 1
__SystemLibrary = DLib
__dlib_version  = 6


*******************************************************************************
*** HEAP SELECTION
***

The basic heap was selected because --advanced_heap
was not specified and the application did not appear to
be primarily optimized for speed.


*******************************************************************************
*** PLACEMENT SUMMARY
***

"A0":  place at address 0x800'0000 { ro section .intvec };
"P1":  place in [from 0x800'0000 to 0x807'ffff] { ro };
define block CSTACK with size = 8K, alignment = 8 { };
define block HEAP with size = 8K, alignment = 8 { };
"P2":  place in [from 0x2000'0000 to 0x2001'ffff] {
          rw, block CSTACK, block HEAP };
initialize by copy { rw };

  Section            Kind         Address  Aligment    Size  Object
  -------            ----         -------  --------    ----  ------
"A0":                                                 0x188
  .intvec            ro code   0x800'0000         4   0x188  startup_stm32f40_41xxx.o [1]
                             - 0x800'0188             0x188

"P1":                                                0x1294
  .text              ro code   0x800'0188         4   0x63c  main.o [1]
  .text              ro code   0x800'07c4         4   0x134  stm32f4xx_rcc.o [1]
  .text              ro code   0x800'08f8         4   0x110  stm32f4xx_gpio.o [1]
  .text              ro code   0x800'0a08         4   0x10e  stm32f4xx_usart.o [1]
  .text              ro code   0x800'0b16         2    0x3a  packbits_init_single.o [4]
  .text              ro code   0x800'0b50         4   0x2d8  stm32f4xx_tim.o [1]
  .text              ro code   0x800'0e28         4    0x80  misc.o [1]
  .text              ro code   0x800'0ea8         4   0x1cc  stm32f4xx_adc.o [1]
  .text              ro code   0x800'1074         4    0x54  stm32f4xx_syscfg.o [1]
  .text              ro code   0x800'10c8         4    0xa8  stm32f4xx_exti.o [1]
  .text              ro code   0x800'1170         4    0x60  system_stm32f4xx.o [1]
  .text              ro code   0x800'11d0         4    0x2a  data_init.o [4]
  .text              ro code   0x800'11fa         2    0x12  stm32f4xx_it.o [1]
  .text              ro code   0x800'120c         4    0x22  fpinit_M.o [3]
  .iar.init_table    const     0x800'1230         4    0x10  - Linker created -
  .text              ro code   0x800'1240         4    0x1e  cmain.o [4]
  .text              ro code   0x800'125e         2     0x4  low_level_init.o [2]
  .text              ro code   0x800'1262         2     0x4  exit.o [2]
  .text              ro code   0x800'1268         4     0xa  cexit.o [4]
  .text              ro code   0x800'1274         4    0x14  exit.o [5]
  .text              ro code   0x800'1288         4    0x1c  cstartup_M.o [4]
  .text              ro code   0x800'12a4         4    0x10  startup_stm32f40_41xxx.o [1]
  .text              ro code   0x800'12b4         2     0x4  startup_stm32f40_41xxx.o [1]
  .text              ro code   0x800'12b8         2     0x4  startup_stm32f40_41xxx.o [1]
  .text              ro code   0x800'12bc         2     0x4  startup_stm32f40_41xxx.o [1]
  .text              ro code   0x800'12c0         2     0x4  startup_stm32f40_41xxx.o [1]
  .text              ro code   0x800'12c4         2     0x4  startup_stm32f40_41xxx.o [1]
  .text              ro code   0x800'12c8         2     0x4  startup_stm32f40_41xxx.o [1]
  .text              ro code   0x800'12cc         2     0x4  startup_stm32f40_41xxx.o [1]
  .text              ro code   0x800'12d0         2     0x4  startup_stm32f40_41xxx.o [1]
  .text              ro code   0x800'12d4         2     0x4  startup_stm32f40_41xxx.o [1]
  .text              ro code   0x800'12d8         2     0x4  startup_stm32f40_41xxx.o [1]
  .text              ro code   0x800'12dc         2     0x4  startup_stm32f40_41xxx.o [1]
  .text              ro code   0x800'12e0         2     0x4  startup_stm32f40_41xxx.o [1]
  .text              ro code   0x800'12e4         2     0x4  startup_stm32f40_41xxx.o [1]
  .text              ro code   0x800'12e8         2     0x4  startup_stm32f40_41xxx.o [1]
  .text              ro code   0x800'12ec         2     0x4  startup_stm32f40_41xxx.o [1]
  .text              ro code   0x800'12f0         2     0x4  startup_stm32f40_41xxx.o [1]
  .text              ro code   0x800'12f4         2     0x4  startup_stm32f40_41xxx.o [1]
  .text              ro code   0x800'12f8         2     0x4  startup_stm32f40_41xxx.o [1]
  .text              ro code   0x800'12fc         2     0x4  startup_stm32f40_41xxx.o [1]
  .text              ro code   0x800'1300         2     0x4  startup_stm32f40_41xxx.o [1]
  .text              ro code   0x800'1304         2     0x4  startup_stm32f40_41xxx.o [1]
  .text              ro code   0x800'1308         2     0x4  startup_stm32f40_41xxx.o [1]
  .text              ro code   0x800'130c         2     0x4  startup_stm32f40_41xxx.o [1]
  .text              ro code   0x800'1310         2     0x4  startup_stm32f40_41xxx.o [1]
  .text              ro code   0x800'1314         2     0x4  startup_stm32f40_41xxx.o [1]
  .text              ro code   0x800'1318         2     0x4  startup_stm32f40_41xxx.o [1]
  .text              ro code   0x800'131c         2     0x4  startup_stm32f40_41xxx.o [1]
  .text              ro code   0x800'1320         2     0x4  startup_stm32f40_41xxx.o [1]
  .text              ro code   0x800'1324         2     0x4  startup_stm32f40_41xxx.o [1]
  .text              ro code   0x800'1328         2     0x4  startup_stm32f40_41xxx.o [1]
  .text              ro code   0x800'132c         2     0x4  startup_stm32f40_41xxx.o [1]
  .text              ro code   0x800'1330         2     0x4  startup_stm32f40_41xxx.o [1]
  .text              ro code   0x800'1334         2     0x4  startup_stm32f40_41xxx.o [1]
  .text              ro code   0x800'1338         2     0x4  startup_stm32f40_41xxx.o [1]
  .text              ro code   0x800'133c         2     0x4  startup_stm32f40_41xxx.o [1]
  .text              ro code   0x800'1340         2     0x4  startup_stm32f40_41xxx.o [1]
  .text              ro code   0x800'1344         2     0x4  startup_stm32f40_41xxx.o [1]
  .text              ro code   0x800'1348         2     0x4  startup_stm32f40_41xxx.o [1]
  .text              ro code   0x800'134c         2     0x4  startup_stm32f40_41xxx.o [1]
  .text              ro code   0x800'1350         2     0x4  startup_stm32f40_41xxx.o [1]
  .text              ro code   0x800'1354         2     0x4  startup_stm32f40_41xxx.o [1]
  .text              ro code   0x800'1358         2     0x4  startup_stm32f40_41xxx.o [1]
  .text              ro code   0x800'135c         2     0x4  startup_stm32f40_41xxx.o [1]
  .text              ro code   0x800'1360         2     0x4  startup_stm32f40_41xxx.o [1]
  .text              ro code   0x800'1364         2     0x4  startup_stm32f40_41xxx.o [1]
  .text              ro code   0x800'1368         2     0x4  startup_stm32f40_41xxx.o [1]
  .text              ro code   0x800'136c         2     0x4  startup_stm32f40_41xxx.o [1]
  .text              ro code   0x800'1370         2     0x4  startup_stm32f40_41xxx.o [1]
  .text              ro code   0x800'1374         2     0x4  startup_stm32f40_41xxx.o [1]
  .text              ro code   0x800'1378         2     0x4  startup_stm32f40_41xxx.o [1]
  .text              ro code   0x800'137c         2     0x4  startup_stm32f40_41xxx.o [1]
  .text              ro code   0x800'1380         2     0x4  startup_stm32f40_41xxx.o [1]
  .text              ro code   0x800'1384         2     0x4  startup_stm32f40_41xxx.o [1]
  .text              ro code   0x800'1388         2     0x4  startup_stm32f40_41xxx.o [1]
  .text              ro code   0x800'138c         2     0x4  startup_stm32f40_41xxx.o [1]
  .text              ro code   0x800'1390         2     0x4  startup_stm32f40_41xxx.o [1]
  .text              ro code   0x800'1394         2     0x4  startup_stm32f40_41xxx.o [1]
  .text              ro code   0x800'1398         2     0x4  startup_stm32f40_41xxx.o [1]
  .text              ro code   0x800'139c         2     0x4  startup_stm32f40_41xxx.o [1]
  .text              ro code   0x800'13a0         2     0x4  startup_stm32f40_41xxx.o [1]
  .text              ro code   0x800'13a4         2     0x4  startup_stm32f40_41xxx.o [1]
  .text              ro code   0x800'13a8         2     0x4  startup_stm32f40_41xxx.o [1]
  .text              ro code   0x800'13ac         2     0x4  startup_stm32f40_41xxx.o [1]
  .text              ro code   0x800'13b0         2     0x4  startup_stm32f40_41xxx.o [1]
  .text              ro code   0x800'13b4         2     0x4  startup_stm32f40_41xxx.o [1]
  .text              ro code   0x800'13b8         2     0x4  startup_stm32f40_41xxx.o [1]
  .text              ro code   0x800'13bc         2     0x4  startup_stm32f40_41xxx.o [1]
  .text              ro code   0x800'13c0         2     0x4  startup_stm32f40_41xxx.o [1]
  .text              ro code   0x800'13c4         2     0x4  startup_stm32f40_41xxx.o [1]
  .text              ro code   0x800'13c8         2     0x4  startup_stm32f40_41xxx.o [1]
  .text              ro code   0x800'13cc         2     0x4  startup_stm32f40_41xxx.o [1]
  .text              ro code   0x800'13d0         2     0x4  startup_stm32f40_41xxx.o [1]
  .text              ro code   0x800'13d4         2     0x4  startup_stm32f40_41xxx.o [1]
  .text              ro code   0x800'13d8         2     0x4  startup_stm32f40_41xxx.o [1]
  .text              ro code   0x800'13dc         2     0x4  startup_stm32f40_41xxx.o [1]
  .text              ro code   0x800'13e0         2     0x4  startup_stm32f40_41xxx.o [1]
  .text              ro code   0x800'13e4         2     0x4  startup_stm32f40_41xxx.o [1]
  .text              ro code   0x800'13e8         2     0x4  startup_stm32f40_41xxx.o [1]
  .text              ro code   0x800'13ec         2     0x4  startup_stm32f40_41xxx.o [1]
  .rodata            const     0x800'13f0               0x0  packbits_init_single.o [4]
  Initializer bytes  const     0x800'13f0              0x2c  <for P2-1>
                             - 0x800'141c            0x1294

"P2", part 1 of 2:                                     0x49
  P2-1                        0x2000'0000              0x49  <Init block>
    .data            inited   0x2000'0000         4     0xc  main.o [1]
    .data            inited   0x2000'000c         4    0x10  main.o [1]
    .data            inited   0x2000'001c         4    0x10  stm32f4xx_rcc.o [1]
    .bss             inited   0x2000'002c         4    0x14  main.o [1]
    .bss             inited   0x2000'0040         4     0x4  main.o [1]
    .bss             inited   0x2000'0044         2     0x2  main.o [1]
    .bss             inited   0x2000'0046         2     0x2  main.o [1]
    .bss             inited   0x2000'0048               0x1  main.o [1]
                            - 0x2000'0049              0x49

"P2", part 2 of 2:                                   0x2000
  CSTACK                      0x2000'0050         8  0x2000  <Block>
    CSTACK           uninit   0x2000'0050            0x2000  <Block tail>
                            - 0x2000'2050            0x2000

Unused ranges:

         From           To      Size
         ----           --      ----
   0x800'141c   0x807'ffff  0x7'ebe4
  0x2000'0049  0x2000'004f       0x7
  0x2000'2050  0x2001'ffff  0x1'dfb0


*******************************************************************************
*** INIT TABLE
***

          Address      Size
          -------      ----
Copy/packbits (__iar_packbits_init_single3)
    1 source range, total size 0x2c (60% of destination):
           0x800'13f0  0x2c
    1 destination range, total size 0x49:
          0x2000'0000  0x49



*******************************************************************************
*** MODULE SUMMARY
***

    Module                    ro code  ro data  rw data
    ------                    -------  -------  -------
command line/config:
    ---------------------------------------------------
    Total:

C:\Users\CXADO6919\Desktop\en.stsw-stm32065_v1-9-0\STM32F4xx_DSP_StdPeriph_Lib_V1.9.0\Project\PhysicalComputingProject\Debug\Obj: [1]
    main.o                      1'596       34       57
    misc.o                        128
    startup_stm32f40_41xxx.o      724
    stm32f4xx_adc.o               460
    stm32f4xx_exti.o              168
    stm32f4xx_gpio.o              272
    stm32f4xx_it.o                 18
    stm32f4xx_rcc.o               308       10       16
    stm32f4xx_syscfg.o             84
    stm32f4xx_tim.o               728
    stm32f4xx_usart.o             270
    system_stm32f4xx.o             96
    ---------------------------------------------------
    Total:                      4'852       44       73

dl7M_tln.a: [2]
    exit.o                          4
    low_level_init.o                4
    ---------------------------------------------------
    Total:                          8

m7M_tls.a: [3]
    fpinit_M.o                     34
    ---------------------------------------------------
    Total:                         34

rt7M_tl.a: [4]
    cexit.o                        10
    cmain.o                        30
    cstartup_M.o                   28
    data_init.o                    42
    packbits_init_single.o         58
    ---------------------------------------------------
    Total:                        168

shb_l.a: [5]
    exit.o                         20
    ---------------------------------------------------
    Total:                         20

    Gaps                            4        2
    Linker created                          16    8'192
-------------------------------------------------------
    Grand Total:                5'086       62    8'265


*******************************************************************************
*** ENTRY LIST
***

Entry                       Address   Size  Type      Object
-----                       -------   ----  ----      ------
.iar.init_table$$Base    0x800'1230          --   Gb  - Linker created -
.iar.init_table$$Limit   0x800'1240          --   Gb  - Linker created -
?main                    0x800'1241         Code  Gb  cmain.o [4]
ADC1_data               0x2000'0044    0x2  Data  Gb  main.o [1]
ADC_ClearITPendingBit    0x800'1067    0xe  Code  Gb  stm32f4xx_adc.o [1]
ADC_Cmd                  0x800'0f11   0x1a  Code  Gb  stm32f4xx_adc.o [1]
ADC_CommonInit           0x800'0ef3   0x1e  Code  Gb  stm32f4xx_adc.o [1]
ADC_Configuration        0x800'04b1   0xb8  Code  Gb  main.o [1]
ADC_GetConversionValue   0x800'0fff    0x6  Code  Gb  stm32f4xx_adc.o [1]
ADC_GetITStatus          0x800'1037   0x30  Code  Gb  stm32f4xx_adc.o [1]
ADC_IRQHandler           0x800'05c3   0x28  Code  Gb  main.o [1]
ADC_ITConfig             0x800'1015   0x22  Code  Gb  stm32f4xx_adc.o [1]
ADC_Init                 0x800'0ea9   0x4a  Code  Gb  stm32f4xx_adc.o [1]
ADC_RegularChannelConfig
                         0x800'0f2b   0xca  Code  Gb  stm32f4xx_adc.o [1]
ADC_SoftwareStartConv    0x800'0ff5    0xa  Code  Gb  stm32f4xx_adc.o [1]
APBAHBPrescTable        0x2000'001c   0x10  Data  Lc  stm32f4xx_rcc.o [1]
BusFault_Handler         0x800'1201    0x2  Code  Gb  stm32f4xx_it.o [1]
CAN1_RX0_IRQHandler      0x800'1301         Code  Wk  startup_stm32f40_41xxx.o [1]
CAN1_RX1_IRQHandler      0x800'1305         Code  Wk  startup_stm32f40_41xxx.o [1]
CAN1_SCE_IRQHandler      0x800'1309         Code  Wk  startup_stm32f40_41xxx.o [1]
CAN1_TX_IRQHandler       0x800'12fd         Code  Wk  startup_stm32f40_41xxx.o [1]
CAN2_RX0_IRQHandler      0x800'13a9         Code  Wk  startup_stm32f40_41xxx.o [1]
CAN2_RX1_IRQHandler      0x800'13ad         Code  Wk  startup_stm32f40_41xxx.o [1]
CAN2_SCE_IRQHandler      0x800'13b1         Code  Wk  startup_stm32f40_41xxx.o [1]
CAN2_TX_IRQHandler       0x800'13a5         Code  Wk  startup_stm32f40_41xxx.o [1]
CRYP_IRQHandler          0x800'13e5         Code  Wk  startup_stm32f40_41xxx.o [1]
CSTACK$$Base            0x2000'0050          --   Gb  - Linker created -
CSTACK$$Limit           0x2000'2050          --   Gb  - Linker created -
Count_Progress           0x800'0277   0x94  Code  Gb  main.o [1]
DCMI_IRQHandler          0x800'13e1         Code  Wk  startup_stm32f40_41xxx.o [1]
DMA1_Stream0_IRQHandler
                         0x800'12e1         Code  Wk  startup_stm32f40_41xxx.o [1]
DMA1_Stream1_IRQHandler
                         0x800'12e5         Code  Wk  startup_stm32f40_41xxx.o [1]
DMA1_Stream2_IRQHandler
                         0x800'12e9         Code  Wk  startup_stm32f40_41xxx.o [1]
DMA1_Stream3_IRQHandler
                         0x800'12ed         Code  Wk  startup_stm32f40_41xxx.o [1]
DMA1_Stream4_IRQHandler
                         0x800'12f1         Code  Wk  startup_stm32f40_41xxx.o [1]
DMA1_Stream5_IRQHandler
                         0x800'12f5         Code  Wk  startup_stm32f40_41xxx.o [1]
DMA1_Stream6_IRQHandler
                         0x800'12f9         Code  Wk  startup_stm32f40_41xxx.o [1]
DMA1_Stream7_IRQHandler
                         0x800'1365         Code  Wk  startup_stm32f40_41xxx.o [1]
DMA2_Stream0_IRQHandler
                         0x800'1389         Code  Wk  startup_stm32f40_41xxx.o [1]
DMA2_Stream1_IRQHandler
                         0x800'138d         Code  Wk  startup_stm32f40_41xxx.o [1]
DMA2_Stream2_IRQHandler
                         0x800'1391         Code  Wk  startup_stm32f40_41xxx.o [1]
DMA2_Stream3_IRQHandler
                         0x800'1395         Code  Wk  startup_stm32f40_41xxx.o [1]
DMA2_Stream4_IRQHandler
                         0x800'1399         Code  Wk  startup_stm32f40_41xxx.o [1]
DMA2_Stream5_IRQHandler
                         0x800'13b9         Code  Wk  startup_stm32f40_41xxx.o [1]
DMA2_Stream6_IRQHandler
                         0x800'13bd         Code  Wk  startup_stm32f40_41xxx.o [1]
DMA2_Stream7_IRQHandler
                         0x800'13c1         Code  Wk  startup_stm32f40_41xxx.o [1]
DebugMon_Handler         0x800'1207    0x2  Code  Gb  stm32f4xx_it.o [1]
Delay                    0x800'0189   0x14  Code  Gb  main.o [1]
ETH_IRQHandler           0x800'139d         Code  Wk  startup_stm32f40_41xxx.o [1]
ETH_WKUP_IRQHandler      0x800'13a1         Code  Wk  startup_stm32f40_41xxx.o [1]
EXTI0_IRQHandler         0x800'12cd         Code  Wk  startup_stm32f40_41xxx.o [1]
EXTI13_Configuration     0x800'0569   0x5a  Code  Gb  main.o [1]
EXTI15_10_IRQHandler     0x800'06f5   0x2a  Code  Gb  main.o [1]
EXTI1_IRQHandler         0x800'12d1         Code  Wk  startup_stm32f40_41xxx.o [1]
EXTI2_IRQHandler         0x800'12d5         Code  Wk  startup_stm32f40_41xxx.o [1]
EXTI3_IRQHandler         0x800'12d9         Code  Wk  startup_stm32f40_41xxx.o [1]
EXTI4_IRQHandler         0x800'12dd         Code  Wk  startup_stm32f40_41xxx.o [1]
EXTI9_5_IRQHandler       0x800'130d         Code  Wk  startup_stm32f40_41xxx.o [1]
EXTI_ClearITPendingBit   0x800'1155    0x6  Code  Gb  stm32f4xx_exti.o [1]
EXTI_GetITStatus         0x800'1141   0x14  Code  Gb  stm32f4xx_exti.o [1]
EXTI_Init                0x800'10c9   0x78  Code  Gb  stm32f4xx_exti.o [1]
FLASH_IRQHandler         0x800'12c5         Code  Wk  startup_stm32f40_41xxx.o [1]
FND_Init                 0x800'01c9   0x56  Code  Gb  main.o [1]
FPU_IRQHandler           0x800'13ed         Code  Wk  startup_stm32f40_41xxx.o [1]
FSMC_IRQHandler          0x800'1369         Code  Wk  startup_stm32f40_41xxx.o [1]
Font                    0x2000'0000    0xc  Data  Gb  main.o [1]
GPIO_Init                0x800'08f9   0xa8  Code  Gb  stm32f4xx_gpio.o [1]
GPIO_PinAFConfig         0x800'09b5   0x54  Code  Gb  stm32f4xx_gpio.o [1]
GPIO_ResetBits           0x800'09a7    0x8  Code  Gb  stm32f4xx_gpio.o [1]
GPIO_SetBits             0x800'09a1    0x6  Code  Gb  stm32f4xx_gpio.o [1]
GPIO_Write               0x800'09af    0x6  Code  Gb  stm32f4xx_gpio.o [1]
GetADC_Array            0x2000'002c   0x14  Data  Gb  main.o [1]
HASH_RNG_IRQHandler      0x800'13e9         Code  Wk  startup_stm32f40_41xxx.o [1]
HardFault_Handler        0x800'11fd    0x2  Code  Gb  stm32f4xx_it.o [1]
I2C1_ER_IRQHandler       0x800'132d         Code  Wk  startup_stm32f40_41xxx.o [1]
I2C1_EV_IRQHandler       0x800'1329         Code  Wk  startup_stm32f40_41xxx.o [1]
I2C2_ER_IRQHandler       0x800'1335         Code  Wk  startup_stm32f40_41xxx.o [1]
I2C2_EV_IRQHandler       0x800'1331         Code  Wk  startup_stm32f40_41xxx.o [1]
I2C3_ER_IRQHandler       0x800'13cd         Code  Wk  startup_stm32f40_41xxx.o [1]
I2C3_EV_IRQHandler       0x800'13c9         Code  Wk  startup_stm32f40_41xxx.o [1]
LED_init                 0x800'019d   0x2c  Code  Gb  main.o [1]
MemManage_Handler        0x800'11ff    0x2  Code  Gb  stm32f4xx_it.o [1]
NMI_Handler              0x800'11fb    0x2  Code  Gb  stm32f4xx_it.o [1]
NVIC_Init                0x800'0e33   0x60  Code  Gb  misc.o [1]
NVIC_PriorityGroupConfig
                         0x800'0e29    0xa  Code  Gb  misc.o [1]
OTG_FS_IRQHandler        0x800'13b5         Code  Wk  startup_stm32f40_41xxx.o [1]
OTG_FS_WKUP_IRQHandler   0x800'1351         Code  Wk  startup_stm32f40_41xxx.o [1]
OTG_HS_EP1_IN_IRQHandler
                         0x800'13d5         Code  Wk  startup_stm32f40_41xxx.o [1]
OTG_HS_EP1_OUT_IRQHandler
                         0x800'13d1         Code  Wk  startup_stm32f40_41xxx.o [1]
OTG_HS_IRQHandler        0x800'13dd         Code  Wk  startup_stm32f40_41xxx.o [1]
OTG_HS_WKUP_IRQHandler   0x800'13d9         Code  Wk  startup_stm32f40_41xxx.o [1]
PVD_IRQHandler           0x800'12b9         Code  Wk  startup_stm32f40_41xxx.o [1]
PWM_TIM4_Configuration   0x800'03f1   0x42  Code  Gb  main.o [1]
PendSV_Handler           0x800'1209    0x2  Code  Gb  stm32f4xx_it.o [1]
RCC_AHB1PeriphClockCmd   0x800'0885   0x1c  Code  Gb  stm32f4xx_rcc.o [1]
RCC_APB1PeriphClockCmd   0x800'08a1   0x1c  Code  Gb  stm32f4xx_rcc.o [1]
RCC_APB2PeriphClockCmd   0x800'08bd   0x1c  Code  Gb  stm32f4xx_rcc.o [1]
RCC_GetClocksFreq        0x800'07c5   0xc0  Code  Gb  stm32f4xx_rcc.o [1]
RCC_IRQHandler           0x800'12c9         Code  Wk  startup_stm32f40_41xxx.o [1]
RGB_LED_init             0x800'021f   0x58  Code  Gb  main.o [1]
RTC_Alarm_IRQHandler     0x800'134d         Code  Wk  startup_stm32f40_41xxx.o [1]
RTC_WKUP_IRQHandler      0x800'12c1         Code  Wk  startup_stm32f40_41xxx.o [1]
Region$$Table$$Base      0x800'1230          --   Gb  - Linker created -
Region$$Table$$Limit     0x800'1240          --   Gb  - Linker created -
Reset_Handler            0x800'12a5         Code  Wk  startup_stm32f40_41xxx.o [1]
SDIO_IRQHandler          0x800'136d         Code  Wk  startup_stm32f40_41xxx.o [1]
SPI1_IRQHandler          0x800'1339         Code  Wk  startup_stm32f40_41xxx.o [1]
SPI2_IRQHandler          0x800'133d         Code  Wk  startup_stm32f40_41xxx.o [1]
SPI3_IRQHandler          0x800'1375         Code  Wk  startup_stm32f40_41xxx.o [1]
SVC_Handler              0x800'1205    0x2  Code  Gb  stm32f4xx_it.o [1]
SYSCFG_EXTILineConfig    0x800'1075   0x4e  Code  Gb  stm32f4xx_syscfg.o [1]
Serial_Receive           0x800'032d   0x1c  Code  Gb  main.o [1]
Serial_Send              0x800'030b   0x22  Code  Gb  main.o [1]
SysTick_Handler          0x800'120b    0x2  Code  Gb  stm32f4xx_it.o [1]
SystemInit               0x800'1171   0x40  Code  Gb  system_stm32f4xx.o [1]
TAMP_STAMP_IRQHandler    0x800'12bd         Code  Wk  startup_stm32f40_41xxx.o [1]
TIM1_BRK_TIM9_IRQHandler
                         0x800'1311         Code  Wk  startup_stm32f40_41xxx.o [1]
TIM1_CC_IRQHandler       0x800'131d         Code  Wk  startup_stm32f40_41xxx.o [1]
TIM1_TRG_COM_TIM11_IRQHandler
                         0x800'1319         Code  Wk  startup_stm32f40_41xxx.o [1]
TIM1_UP_TIM10_IRQHandler
                         0x800'1315         Code  Wk  startup_stm32f40_41xxx.o [1]
TIM2_Configuration       0x800'0349   0x70  Code  Gb  main.o [1]
TIM2_IRQHandler          0x800'05eb  0x10a  Code  Gb  main.o [1]
TIM3_IRQHandler          0x800'1321         Code  Wk  startup_stm32f40_41xxx.o [1]
TIM4_Configuration       0x800'03b9   0x38  Code  Gb  main.o [1]
TIM4_IRQHandler          0x800'1325         Code  Wk  startup_stm32f40_41xxx.o [1]
TIM5_IRQHandler          0x800'1371         Code  Wk  startup_stm32f40_41xxx.o [1]
TIM6_DAC_IRQHandler      0x800'1381         Code  Wk  startup_stm32f40_41xxx.o [1]
TIM7_IRQHandler          0x800'1385         Code  Wk  startup_stm32f40_41xxx.o [1]
TIM8_BRK_TIM12_IRQHandler
                         0x800'1355         Code  Wk  startup_stm32f40_41xxx.o [1]
TIM8_CC_IRQHandler       0x800'1361         Code  Wk  startup_stm32f40_41xxx.o [1]
TIM8_TRG_COM_TIM14_IRQHandler
                         0x800'135d         Code  Wk  startup_stm32f40_41xxx.o [1]
TIM8_UP_TIM13_IRQHandler
                         0x800'1359         Code  Wk  startup_stm32f40_41xxx.o [1]
TIM_ClearITPendingBit    0x800'0e21    0x8  Code  Gb  stm32f4xx_tim.o [1]
TIM_Cmd                  0x800'0bbf   0x1c  Code  Gb  stm32f4xx_tim.o [1]
TIM_GetITStatus          0x800'0dfd   0x24  Code  Gb  stm32f4xx_tim.o [1]
TIM_ITConfig             0x800'0de5   0x18  Code  Gb  stm32f4xx_tim.o [1]
TIM_OC1Init              0x800'0bdb   0x7c  Code  Gb  stm32f4xx_tim.o [1]
TIM_OC2Init              0x800'0c57   0x88  Code  Gb  stm32f4xx_tim.o [1]
TIM_OC3Init              0x800'0cdf   0x86  Code  Gb  stm32f4xx_tim.o [1]
TIM_OC4Init              0x800'0d65   0x62  Code  Gb  stm32f4xx_tim.o [1]
TIM_TimeBaseInit         0x800'0b51   0x6e  Code  Gb  stm32f4xx_tim.o [1]
UART4_IRQHandler         0x800'1379         Code  Wk  startup_stm32f40_41xxx.o [1]
UART5_IRQHandler         0x800'137d         Code  Wk  startup_stm32f40_41xxx.o [1]
USART1_IRQHandler        0x800'1341         Code  Wk  startup_stm32f40_41xxx.o [1]
USART2_Configuration     0x800'0433   0x7e  Code  Gb  main.o [1]
USART2_IRQHandler        0x800'1345         Code  Wk  startup_stm32f40_41xxx.o [1]
USART3_IRQHandler        0x800'1349         Code  Wk  startup_stm32f40_41xxx.o [1]
USART6_IRQHandler        0x800'13c5         Code  Wk  startup_stm32f40_41xxx.o [1]
USART_Cmd                0x800'0ad1   0x1c  Code  Gb  stm32f4xx_usart.o [1]
USART_GetFlagStatus      0x800'0afd   0x1a  Code  Gb  stm32f4xx_usart.o [1]
USART_Init               0x800'0a09   0xba  Code  Gb  stm32f4xx_usart.o [1]
USART_ReceiveData        0x800'0af5    0x8  Code  Gb  stm32f4xx_usart.o [1]
USART_SendData           0x800'0aed    0x8  Code  Gb  stm32f4xx_usart.o [1]
UsageFault_Handler       0x800'1203    0x2  Code  Gb  stm32f4xx_it.o [1]
WWDG_IRQHandler          0x800'12b5         Code  Wk  startup_stm32f40_41xxx.o [1]
__cmain                  0x800'1241         Code  Gb  cmain.o [4]
__exit                   0x800'1275   0x14  Code  Gb  exit.o [5]
__iar_data_init3         0x800'11d1   0x18  Code  Gb  data_init.o [4]
__iar_init_vfp           0x800'120d         Code  Gb  fpinit_M.o [3]
__iar_packbits_init_single3
                         0x800'0b17   0x3a  Code  Gb  packbits_init_single.o [4]
__iar_program_start      0x800'1289         Code  Gb  cstartup_M.o [4]
__low_level_init         0x800'125f    0x4  Code  Gb  low_level_init.o [2]
__vector_table           0x800'0000         Data  Gb  startup_stm32f40_41xxx.o [1]
_call_main               0x800'124d         Code  Gb  cmain.o [4]
_exit                    0x800'1269         Code  Gb  cexit.o [4]
exit                     0x800'1263    0x4  Code  Gb  exit.o [2]
getdata                 0x2000'0048    0x1  Data  Gb  main.o [1]
intensity               0x2000'0040    0x4  Data  Gb  main.o [1]
intensity_ary           0x2000'000c   0x10  Data  Gb  main.o [1]
main                     0x800'071f   0x60  Code  Gb  main.o [1]
send_count              0x2000'0046    0x2  Data  Gb  main.o [1]


[1] = C:\Users\CXADO6919\Desktop\en.stsw-stm32065_v1-9-0\STM32F4xx_DSP_StdPeriph_Lib_V1.9.0\Project\PhysicalComputingProject\Debug\Obj
[2] = dl7M_tln.a
[3] = m7M_tls.a
[4] = rt7M_tl.a
[5] = shb_l.a

  5'086 bytes of readonly  code memory
     62 bytes of readonly  data memory
  8'265 bytes of readwrite data memory

Errors: none
Warnings: none
