###############################################################################
#
# IAR ELF Linker V9.50.2.385/W64 for ARM                  01/Dec/2024  00:48:14
# Copyright 2007-2024 IAR Systems AB.
#
#    Output file  =
#        C:\Users\CXADO6919\Desktop\en.stsw-stm32065_v1-9-0\STM32F4xx_DSP_StdPeriph_Lib_V1.9.0\Project\PhysicalComputingProject\Debug\Exe\lec_10.out
#    Map file     =
#        C:\Users\CXADO6919\Desktop\en.stsw-stm32065_v1-9-0\STM32F4xx_DSP_StdPeriph_Lib_V1.9.0\Project\PhysicalComputingProject\Debug\List\lec_10.map
#    Command line =
#        -f
#        C:\Users\CXADO6919\Desktop\en.stsw-stm32065_v1-9-0\STM32F4xx_DSP_StdPeriph_Lib_V1.9.0\Project\PhysicalComputingProject\Debug\Exe\lec_10.out.rsp
#        (C:\Users\CXADO6919\Desktop\en.stsw-stm32065_v1-9-0\STM32F4xx_DSP_StdPeriph_Lib_V1.9.0\Project\PhysicalComputingProject\Debug\Obj\main.o
#        C:\Users\CXADO6919\Desktop\en.stsw-stm32065_v1-9-0\STM32F4xx_DSP_StdPeriph_Lib_V1.9.0\Project\PhysicalComputingProject\Debug\Obj\misc.o
#        C:\Users\CXADO6919\Desktop\en.stsw-stm32065_v1-9-0\STM32F4xx_DSP_StdPeriph_Lib_V1.9.0\Project\PhysicalComputingProject\Debug\Obj\startup_stm32f40_41xxx.o
#        C:\Users\CXADO6919\Desktop\en.stsw-stm32065_v1-9-0\STM32F4xx_DSP_StdPeriph_Lib_V1.9.0\Project\PhysicalComputingProject\Debug\Obj\stm32f4xx_adc.o
#        C:\Users\CXADO6919\Desktop\en.stsw-stm32065_v1-9-0\STM32F4xx_DSP_StdPeriph_Lib_V1.9.0\Project\PhysicalComputingProject\Debug\Obj\stm32f4xx_gpio.o
#        C:\Users\CXADO6919\Desktop\en.stsw-stm32065_v1-9-0\STM32F4xx_DSP_StdPeriph_Lib_V1.9.0\Project\PhysicalComputingProject\Debug\Obj\stm32f4xx_it.o
#        C:\Users\CXADO6919\Desktop\en.stsw-stm32065_v1-9-0\STM32F4xx_DSP_StdPeriph_Lib_V1.9.0\Project\PhysicalComputingProject\Debug\Obj\stm32f4xx_rcc.o
#        C:\Users\CXADO6919\Desktop\en.stsw-stm32065_v1-9-0\STM32F4xx_DSP_StdPeriph_Lib_V1.9.0\Project\PhysicalComputingProject\Debug\Obj\stm32f4xx_syscfg.o
#        C:\Users\CXADO6919\Desktop\en.stsw-stm32065_v1-9-0\STM32F4xx_DSP_StdPeriph_Lib_V1.9.0\Project\PhysicalComputingProject\Debug\Obj\stm32f4xx_tim.o
#        C:\Users\CXADO6919\Desktop\en.stsw-stm32065_v1-9-0\STM32F4xx_DSP_StdPeriph_Lib_V1.9.0\Project\PhysicalComputingProject\Debug\Obj\stm32f4xx_usart.o
#        C:\Users\CXADO6919\Desktop\en.stsw-stm32065_v1-9-0\STM32F4xx_DSP_StdPeriph_Lib_V1.9.0\Project\PhysicalComputingProject\Debug\Obj\system_stm32f4xx.o
#        --no_out_extension -o
#        C:\Users\CXADO6919\Desktop\en.stsw-stm32065_v1-9-0\STM32F4xx_DSP_StdPeriph_Lib_V1.9.0\Project\PhysicalComputingProject\Debug\Exe\lec_10.out
#        --redirect _Printf=_PrintfFullNoMb --redirect _Scanf=_ScanfFullNoMb
#        --map
#        C:\Users\CXADO6919\Desktop\en.stsw-stm32065_v1-9-0\STM32F4xx_DSP_StdPeriph_Lib_V1.9.0\Project\PhysicalComputingProject\Debug\List\lec_10.map
#        --config "C:\Program Files\IAR Systems\Embedded Workbench
#        9.2\arm/config/linker/ST/stm32f411xE.icf" --semihosting --entry
#        __iar_program_start --vfe --text_out locale --cpu=Cortex-M4
#        --fpu=VFPv4_sp) --dependencies=n
#        C:\Users\CXADO6919\Desktop\en.stsw-stm32065_v1-9-0\STM32F4xx_DSP_StdPeriph_Lib_V1.9.0\Project\PhysicalComputingProject\Debug\Exe\lec_10.out.iar_deps
#
###############################################################################

*******************************************************************************
*** RUNTIME MODEL ATTRIBUTES
***

CppFlavor       = *
__CPP_Runtime   = 1
__SystemLibrary = DLib
__dlib_version  = 6


*******************************************************************************
*** HEAP SELECTION
***

The basic heap was selected because --advanced_heap
was not specified and the application did not appear to
be primarily optimized for speed.


*******************************************************************************
*** PLACEMENT SUMMARY
***

"A0":  place at address 0x800'0000 { ro section .intvec };
"P1":  place in [from 0x800'0000 to 0x807'ffff] { ro };
define block CSTACK with size = 8K, alignment = 8 { };
define block HEAP with size = 8K, alignment = 8 { };
"P2":  place in [from 0x2000'0000 to 0x2001'ffff] {
          rw, block CSTACK, block HEAP };
initialize by copy { rw };

  Section            Kind         Address  Aligment    Size  Object
  -------            ----         -------  --------    ----  ------
"A0":                                                 0x188
  .intvec            ro code   0x800'0000         4   0x188  startup_stm32f40_41xxx.o [1]
                             - 0x800'0188             0x188

"P1":                                                 0xda8
  .text              ro code   0x800'0188         4   0x444  main.o [1]
  .text              ro code   0x800'05cc         4   0x134  stm32f4xx_rcc.o [1]
  .text              ro code   0x800'0700         4   0x110  stm32f4xx_gpio.o [1]
  .text              ro code   0x800'0810         4   0x10e  stm32f4xx_usart.o [1]
  .text              ro code   0x800'091e         2    0x3a  packbits_init_single.o [4]
  .text              ro code   0x800'0958         4    0xec  stm32f4xx_tim.o [1]
  .text              ro code   0x800'0a44         4    0x80  misc.o [1]
  .text              ro code   0x800'0ac4         4   0x1cc  stm32f4xx_adc.o [1]
  .text              ro code   0x800'0c90         4    0x60  system_stm32f4xx.o [1]
  .text              ro code   0x800'0cf0         4    0x2a  data_init.o [4]
  .text              ro code   0x800'0d1a         2    0x12  stm32f4xx_it.o [1]
  .text              ro code   0x800'0d2c         4    0x22  fpinit_M.o [3]
  .iar.init_table    const     0x800'0d50         4    0x10  - Linker created -
  .text              ro code   0x800'0d60         4    0x1e  cmain.o [4]
  .text              ro code   0x800'0d7e         2     0x4  low_level_init.o [2]
  .text              ro code   0x800'0d82         2     0x4  exit.o [2]
  .text              ro code   0x800'0d88         4     0xa  cexit.o [4]
  .text              ro code   0x800'0d94         4    0x14  exit.o [5]
  .text              ro code   0x800'0da8         4    0x1c  cstartup_M.o [4]
  .text              ro code   0x800'0dc4         4    0x10  startup_stm32f40_41xxx.o [1]
  .text              ro code   0x800'0dd4         2     0x4  startup_stm32f40_41xxx.o [1]
  .text              ro code   0x800'0dd8         2     0x4  startup_stm32f40_41xxx.o [1]
  .text              ro code   0x800'0ddc         2     0x4  startup_stm32f40_41xxx.o [1]
  .text              ro code   0x800'0de0         2     0x4  startup_stm32f40_41xxx.o [1]
  .text              ro code   0x800'0de4         2     0x4  startup_stm32f40_41xxx.o [1]
  .text              ro code   0x800'0de8         2     0x4  startup_stm32f40_41xxx.o [1]
  .text              ro code   0x800'0dec         2     0x4  startup_stm32f40_41xxx.o [1]
  .text              ro code   0x800'0df0         2     0x4  startup_stm32f40_41xxx.o [1]
  .text              ro code   0x800'0df4         2     0x4  startup_stm32f40_41xxx.o [1]
  .text              ro code   0x800'0df8         2     0x4  startup_stm32f40_41xxx.o [1]
  .text              ro code   0x800'0dfc         2     0x4  startup_stm32f40_41xxx.o [1]
  .text              ro code   0x800'0e00         2     0x4  startup_stm32f40_41xxx.o [1]
  .text              ro code   0x800'0e04         2     0x4  startup_stm32f40_41xxx.o [1]
  .text              ro code   0x800'0e08         2     0x4  startup_stm32f40_41xxx.o [1]
  .text              ro code   0x800'0e0c         2     0x4  startup_stm32f40_41xxx.o [1]
  .text              ro code   0x800'0e10         2     0x4  startup_stm32f40_41xxx.o [1]
  .text              ro code   0x800'0e14         2     0x4  startup_stm32f40_41xxx.o [1]
  .text              ro code   0x800'0e18         2     0x4  startup_stm32f40_41xxx.o [1]
  .text              ro code   0x800'0e1c         2     0x4  startup_stm32f40_41xxx.o [1]
  .text              ro code   0x800'0e20         2     0x4  startup_stm32f40_41xxx.o [1]
  .text              ro code   0x800'0e24         2     0x4  startup_stm32f40_41xxx.o [1]
  .text              ro code   0x800'0e28         2     0x4  startup_stm32f40_41xxx.o [1]
  .text              ro code   0x800'0e2c         2     0x4  startup_stm32f40_41xxx.o [1]
  .text              ro code   0x800'0e30         2     0x4  startup_stm32f40_41xxx.o [1]
  .text              ro code   0x800'0e34         2     0x4  startup_stm32f40_41xxx.o [1]
  .text              ro code   0x800'0e38         2     0x4  startup_stm32f40_41xxx.o [1]
  .text              ro code   0x800'0e3c         2     0x4  startup_stm32f40_41xxx.o [1]
  .text              ro code   0x800'0e40         2     0x4  startup_stm32f40_41xxx.o [1]
  .text              ro code   0x800'0e44         2     0x4  startup_stm32f40_41xxx.o [1]
  .text              ro code   0x800'0e48         2     0x4  startup_stm32f40_41xxx.o [1]
  .text              ro code   0x800'0e4c         2     0x4  startup_stm32f40_41xxx.o [1]
  .text              ro code   0x800'0e50         2     0x4  startup_stm32f40_41xxx.o [1]
  .text              ro code   0x800'0e54         2     0x4  startup_stm32f40_41xxx.o [1]
  .text              ro code   0x800'0e58         2     0x4  startup_stm32f40_41xxx.o [1]
  .text              ro code   0x800'0e5c         2     0x4  startup_stm32f40_41xxx.o [1]
  .text              ro code   0x800'0e60         2     0x4  startup_stm32f40_41xxx.o [1]
  .text              ro code   0x800'0e64         2     0x4  startup_stm32f40_41xxx.o [1]
  .text              ro code   0x800'0e68         2     0x4  startup_stm32f40_41xxx.o [1]
  .text              ro code   0x800'0e6c         2     0x4  startup_stm32f40_41xxx.o [1]
  .text              ro code   0x800'0e70         2     0x4  startup_stm32f40_41xxx.o [1]
  .text              ro code   0x800'0e74         2     0x4  startup_stm32f40_41xxx.o [1]
  .text              ro code   0x800'0e78         2     0x4  startup_stm32f40_41xxx.o [1]
  .text              ro code   0x800'0e7c         2     0x4  startup_stm32f40_41xxx.o [1]
  .text              ro code   0x800'0e80         2     0x4  startup_stm32f40_41xxx.o [1]
  .text              ro code   0x800'0e84         2     0x4  startup_stm32f40_41xxx.o [1]
  .text              ro code   0x800'0e88         2     0x4  startup_stm32f40_41xxx.o [1]
  .text              ro code   0x800'0e8c         2     0x4  startup_stm32f40_41xxx.o [1]
  .text              ro code   0x800'0e90         2     0x4  startup_stm32f40_41xxx.o [1]
  .text              ro code   0x800'0e94         2     0x4  startup_stm32f40_41xxx.o [1]
  .text              ro code   0x800'0e98         2     0x4  startup_stm32f40_41xxx.o [1]
  .text              ro code   0x800'0e9c         2     0x4  startup_stm32f40_41xxx.o [1]
  .text              ro code   0x800'0ea0         2     0x4  startup_stm32f40_41xxx.o [1]
  .text              ro code   0x800'0ea4         2     0x4  startup_stm32f40_41xxx.o [1]
  .text              ro code   0x800'0ea8         2     0x4  startup_stm32f40_41xxx.o [1]
  .text              ro code   0x800'0eac         2     0x4  startup_stm32f40_41xxx.o [1]
  .text              ro code   0x800'0eb0         2     0x4  startup_stm32f40_41xxx.o [1]
  .text              ro code   0x800'0eb4         2     0x4  startup_stm32f40_41xxx.o [1]
  .text              ro code   0x800'0eb8         2     0x4  startup_stm32f40_41xxx.o [1]
  .text              ro code   0x800'0ebc         2     0x4  startup_stm32f40_41xxx.o [1]
  .text              ro code   0x800'0ec0         2     0x4  startup_stm32f40_41xxx.o [1]
  .text              ro code   0x800'0ec4         2     0x4  startup_stm32f40_41xxx.o [1]
  .text              ro code   0x800'0ec8         2     0x4  startup_stm32f40_41xxx.o [1]
  .text              ro code   0x800'0ecc         2     0x4  startup_stm32f40_41xxx.o [1]
  .text              ro code   0x800'0ed0         2     0x4  startup_stm32f40_41xxx.o [1]
  .text              ro code   0x800'0ed4         2     0x4  startup_stm32f40_41xxx.o [1]
  .text              ro code   0x800'0ed8         2     0x4  startup_stm32f40_41xxx.o [1]
  .text              ro code   0x800'0edc         2     0x4  startup_stm32f40_41xxx.o [1]
  .text              ro code   0x800'0ee0         2     0x4  startup_stm32f40_41xxx.o [1]
  .text              ro code   0x800'0ee4         2     0x4  startup_stm32f40_41xxx.o [1]
  .text              ro code   0x800'0ee8         2     0x4  startup_stm32f40_41xxx.o [1]
  .text              ro code   0x800'0eec         2     0x4  startup_stm32f40_41xxx.o [1]
  .text              ro code   0x800'0ef0         2     0x4  startup_stm32f40_41xxx.o [1]
  .text              ro code   0x800'0ef4         2     0x4  startup_stm32f40_41xxx.o [1]
  .text              ro code   0x800'0ef8         2     0x4  startup_stm32f40_41xxx.o [1]
  .text              ro code   0x800'0efc         2     0x4  startup_stm32f40_41xxx.o [1]
  .text              ro code   0x800'0f00         2     0x4  startup_stm32f40_41xxx.o [1]
  .text              ro code   0x800'0f04         2     0x4  startup_stm32f40_41xxx.o [1]
  .text              ro code   0x800'0f08         2     0x4  startup_stm32f40_41xxx.o [1]
  .text              ro code   0x800'0f0c         2     0x4  startup_stm32f40_41xxx.o [1]
  .text              ro code   0x800'0f10         2     0x4  startup_stm32f40_41xxx.o [1]
  .rodata            const     0x800'0f14               0x0  packbits_init_single.o [4]
  Initializer bytes  const     0x800'0f14              0x1c  <for P2-1>
                             - 0x800'0f30             0xda8

"P2", part 1 of 2:                                     0x35
  P2-1                        0x2000'0000              0x35  <Init block>
    .data            inited   0x2000'0000         4     0xc  main.o [1]
    .data            inited   0x2000'000c         4    0x10  stm32f4xx_rcc.o [1]
    .bss             inited   0x2000'001c         4    0x14  main.o [1]
    .bss             inited   0x2000'0030         2     0x2  main.o [1]
    .bss             inited   0x2000'0032         2     0x2  main.o [1]
    .bss             inited   0x2000'0034               0x1  main.o [1]
                            - 0x2000'0035              0x35

"P2", part 2 of 2:                                   0x2000
  CSTACK                      0x2000'0038         8  0x2000  <Block>
    CSTACK           uninit   0x2000'0038            0x2000  <Block tail>
                            - 0x2000'2038            0x2000

Unused ranges:

         From           To      Size
         ----           --      ----
   0x800'0f30   0x807'ffff  0x7'f0d0
  0x2000'0035  0x2000'0037       0x3
  0x2000'2038  0x2001'ffff  0x1'dfc8


*******************************************************************************
*** INIT TABLE
***

          Address      Size
          -------      ----
Copy/packbits (__iar_packbits_init_single3)
    1 source range, total size 0x1c (52% of destination):
           0x800'0f14  0x1c
    1 destination range, total size 0x35:
          0x2000'0000  0x35



*******************************************************************************
*** MODULE SUMMARY
***

    Module                    ro code  ro data  rw data
    ------                    -------  -------  -------
command line/config:
    ---------------------------------------------------
    Total:

C:\Users\CXADO6919\Desktop\en.stsw-stm32065_v1-9-0\STM32F4xx_DSP_StdPeriph_Lib_V1.9.0\Project\PhysicalComputingProject\Debug\Obj: [1]
    main.o                      1'092       20       37
    misc.o                        128
    startup_stm32f40_41xxx.o      728
    stm32f4xx_adc.o               460
    stm32f4xx_gpio.o              272
    stm32f4xx_it.o                 18
    stm32f4xx_rcc.o               308        8       16
    stm32f4xx_tim.o               236
    stm32f4xx_usart.o             270
    system_stm32f4xx.o             96
    ---------------------------------------------------
    Total:                      3'608       28       53

dl7M_tln.a: [2]
    exit.o                          4
    low_level_init.o                4
    ---------------------------------------------------
    Total:                          8

m7M_tls.a: [3]
    fpinit_M.o                     34
    ---------------------------------------------------
    Total:                         34

rt7M_tl.a: [4]
    cexit.o                        10
    cmain.o                        30
    cstartup_M.o                   28
    data_init.o                    42
    packbits_init_single.o         58
    ---------------------------------------------------
    Total:                        168

shb_l.a: [5]
    exit.o                         20
    ---------------------------------------------------
    Total:                         20

    Gaps                            4        2
    Linker created                          16    8'192
-------------------------------------------------------
    Grand Total:                3'842       46    8'245


*******************************************************************************
*** ENTRY LIST
***

Entry                       Address  Size  Type      Object
-----                       -------  ----  ----      ------
.iar.init_table$$Base    0x800'0d50         --   Gb  - Linker created -
.iar.init_table$$Limit   0x800'0d60         --   Gb  - Linker created -
?main                    0x800'0d61        Code  Gb  cmain.o [4]
ADC1_data               0x2000'0030   0x2  Data  Gb  main.o [1]
ADC_ClearITPendingBit    0x800'0c83   0xe  Code  Gb  stm32f4xx_adc.o [1]
ADC_Cmd                  0x800'0b2d  0x1a  Code  Gb  stm32f4xx_adc.o [1]
ADC_CommonInit           0x800'0b0f  0x1e  Code  Gb  stm32f4xx_adc.o [1]
ADC_Configuration        0x800'03d7  0xb8  Code  Gb  main.o [1]
ADC_GetConversionValue   0x800'0c1b   0x6  Code  Gb  stm32f4xx_adc.o [1]
ADC_GetITStatus          0x800'0c53  0x30  Code  Gb  stm32f4xx_adc.o [1]
ADC_IRQHandler           0x800'048f  0x28  Code  Gb  main.o [1]
ADC_ITConfig             0x800'0c31  0x22  Code  Gb  stm32f4xx_adc.o [1]
ADC_Init                 0x800'0ac5  0x4a  Code  Gb  stm32f4xx_adc.o [1]
ADC_RegularChannelConfig
                         0x800'0b47  0xca  Code  Gb  stm32f4xx_adc.o [1]
ADC_SoftwareStartConv    0x800'0c11   0xa  Code  Gb  stm32f4xx_adc.o [1]
APBAHBPrescTable        0x2000'000c  0x10  Data  Lc  stm32f4xx_rcc.o [1]
BusFault_Handler         0x800'0d21   0x2  Code  Gb  stm32f4xx_it.o [1]
CAN1_RX0_IRQHandler      0x800'0e21        Code  Wk  startup_stm32f40_41xxx.o [1]
CAN1_RX1_IRQHandler      0x800'0e25        Code  Wk  startup_stm32f40_41xxx.o [1]
CAN1_SCE_IRQHandler      0x800'0e29        Code  Wk  startup_stm32f40_41xxx.o [1]
CAN1_TX_IRQHandler       0x800'0e1d        Code  Wk  startup_stm32f40_41xxx.o [1]
CAN2_RX0_IRQHandler      0x800'0ecd        Code  Wk  startup_stm32f40_41xxx.o [1]
CAN2_RX1_IRQHandler      0x800'0ed1        Code  Wk  startup_stm32f40_41xxx.o [1]
CAN2_SCE_IRQHandler      0x800'0ed5        Code  Wk  startup_stm32f40_41xxx.o [1]
CAN2_TX_IRQHandler       0x800'0ec9        Code  Wk  startup_stm32f40_41xxx.o [1]
CRYP_IRQHandler          0x800'0f09        Code  Wk  startup_stm32f40_41xxx.o [1]
CSTACK$$Base            0x2000'0038         --   Gb  - Linker created -
CSTACK$$Limit           0x2000'2038         --   Gb  - Linker created -
Count_Progress           0x800'021d  0x92  Code  Gb  main.o [1]
DCMI_IRQHandler          0x800'0f05        Code  Wk  startup_stm32f40_41xxx.o [1]
DMA1_Stream0_IRQHandler
                         0x800'0e01        Code  Wk  startup_stm32f40_41xxx.o [1]
DMA1_Stream1_IRQHandler
                         0x800'0e05        Code  Wk  startup_stm32f40_41xxx.o [1]
DMA1_Stream2_IRQHandler
                         0x800'0e09        Code  Wk  startup_stm32f40_41xxx.o [1]
DMA1_Stream3_IRQHandler
                         0x800'0e0d        Code  Wk  startup_stm32f40_41xxx.o [1]
DMA1_Stream4_IRQHandler
                         0x800'0e11        Code  Wk  startup_stm32f40_41xxx.o [1]
DMA1_Stream5_IRQHandler
                         0x800'0e15        Code  Wk  startup_stm32f40_41xxx.o [1]
DMA1_Stream6_IRQHandler
                         0x800'0e19        Code  Wk  startup_stm32f40_41xxx.o [1]
DMA1_Stream7_IRQHandler
                         0x800'0e89        Code  Wk  startup_stm32f40_41xxx.o [1]
DMA2_Stream0_IRQHandler
                         0x800'0ead        Code  Wk  startup_stm32f40_41xxx.o [1]
DMA2_Stream1_IRQHandler
                         0x800'0eb1        Code  Wk  startup_stm32f40_41xxx.o [1]
DMA2_Stream2_IRQHandler
                         0x800'0eb5        Code  Wk  startup_stm32f40_41xxx.o [1]
DMA2_Stream3_IRQHandler
                         0x800'0eb9        Code  Wk  startup_stm32f40_41xxx.o [1]
DMA2_Stream4_IRQHandler
                         0x800'0ebd        Code  Wk  startup_stm32f40_41xxx.o [1]
DMA2_Stream5_IRQHandler
                         0x800'0edd        Code  Wk  startup_stm32f40_41xxx.o [1]
DMA2_Stream6_IRQHandler
                         0x800'0ee1        Code  Wk  startup_stm32f40_41xxx.o [1]
DMA2_Stream7_IRQHandler
                         0x800'0ee5        Code  Wk  startup_stm32f40_41xxx.o [1]
DebugMon_Handler         0x800'0d27   0x2  Code  Gb  stm32f4xx_it.o [1]
Delay                    0x800'0189  0x14  Code  Gb  main.o [1]
ETH_IRQHandler           0x800'0ec1        Code  Wk  startup_stm32f40_41xxx.o [1]
ETH_WKUP_IRQHandler      0x800'0ec5        Code  Wk  startup_stm32f40_41xxx.o [1]
EXTI0_IRQHandler         0x800'0ded        Code  Wk  startup_stm32f40_41xxx.o [1]
EXTI15_10_IRQHandler     0x800'0e6d        Code  Wk  startup_stm32f40_41xxx.o [1]
EXTI1_IRQHandler         0x800'0df1        Code  Wk  startup_stm32f40_41xxx.o [1]
EXTI2_IRQHandler         0x800'0df5        Code  Wk  startup_stm32f40_41xxx.o [1]
EXTI3_IRQHandler         0x800'0df9        Code  Wk  startup_stm32f40_41xxx.o [1]
EXTI4_IRQHandler         0x800'0dfd        Code  Wk  startup_stm32f40_41xxx.o [1]
EXTI9_5_IRQHandler       0x800'0e2d        Code  Wk  startup_stm32f40_41xxx.o [1]
FLASH_IRQHandler         0x800'0de5        Code  Wk  startup_stm32f40_41xxx.o [1]
FND_Init                 0x800'01c9  0x54  Code  Gb  main.o [1]
FPU_IRQHandler           0x800'0f11        Code  Wk  startup_stm32f40_41xxx.o [1]
FSMC_IRQHandler          0x800'0e8d        Code  Wk  startup_stm32f40_41xxx.o [1]
Font                    0x2000'0000   0xc  Data  Gb  main.o [1]
GPIO_Init                0x800'0701  0xa8  Code  Gb  stm32f4xx_gpio.o [1]
GPIO_PinAFConfig         0x800'07bd  0x54  Code  Gb  stm32f4xx_gpio.o [1]
GPIO_ResetBits           0x800'07af   0x8  Code  Gb  stm32f4xx_gpio.o [1]
GPIO_SetBits             0x800'07a9   0x6  Code  Gb  stm32f4xx_gpio.o [1]
GPIO_Write               0x800'07b7   0x6  Code  Gb  stm32f4xx_gpio.o [1]
GetADC_Array            0x2000'001c  0x14  Data  Gb  main.o [1]
HASH_RNG_IRQHandler      0x800'0f0d        Code  Wk  startup_stm32f40_41xxx.o [1]
HardFault_Handler        0x800'0d1d   0x2  Code  Gb  stm32f4xx_it.o [1]
I2C1_ER_IRQHandler       0x800'0e4d        Code  Wk  startup_stm32f40_41xxx.o [1]
I2C1_EV_IRQHandler       0x800'0e49        Code  Wk  startup_stm32f40_41xxx.o [1]
I2C2_ER_IRQHandler       0x800'0e55        Code  Wk  startup_stm32f40_41xxx.o [1]
I2C2_EV_IRQHandler       0x800'0e51        Code  Wk  startup_stm32f40_41xxx.o [1]
I2C3_ER_IRQHandler       0x800'0ef1        Code  Wk  startup_stm32f40_41xxx.o [1]
I2C3_EV_IRQHandler       0x800'0eed        Code  Wk  startup_stm32f40_41xxx.o [1]
LED_init                 0x800'019d  0x2c  Code  Gb  main.o [1]
MemManage_Handler        0x800'0d1f   0x2  Code  Gb  stm32f4xx_it.o [1]
NMI_Handler              0x800'0d1b   0x2  Code  Gb  stm32f4xx_it.o [1]
NVIC_Init                0x800'0a4f  0x60  Code  Gb  misc.o [1]
NVIC_PriorityGroupConfig
                         0x800'0a45   0xa  Code  Gb  misc.o [1]
OTG_FS_IRQHandler        0x800'0ed9        Code  Wk  startup_stm32f40_41xxx.o [1]
OTG_FS_WKUP_IRQHandler   0x800'0e75        Code  Wk  startup_stm32f40_41xxx.o [1]
OTG_HS_EP1_IN_IRQHandler
                         0x800'0ef9        Code  Wk  startup_stm32f40_41xxx.o [1]
OTG_HS_EP1_OUT_IRQHandler
                         0x800'0ef5        Code  Wk  startup_stm32f40_41xxx.o [1]
OTG_HS_IRQHandler        0x800'0f01        Code  Wk  startup_stm32f40_41xxx.o [1]
OTG_HS_WKUP_IRQHandler   0x800'0efd        Code  Wk  startup_stm32f40_41xxx.o [1]
PVD_IRQHandler           0x800'0dd9        Code  Wk  startup_stm32f40_41xxx.o [1]
PendSV_Handler           0x800'0d29   0x2  Code  Gb  stm32f4xx_it.o [1]
RCC_AHB1PeriphClockCmd   0x800'068d  0x1c  Code  Gb  stm32f4xx_rcc.o [1]
RCC_APB1PeriphClockCmd   0x800'06a9  0x1c  Code  Gb  stm32f4xx_rcc.o [1]
RCC_APB2PeriphClockCmd   0x800'06c5  0x1c  Code  Gb  stm32f4xx_rcc.o [1]
RCC_GetClocksFreq        0x800'05cd  0xc0  Code  Gb  stm32f4xx_rcc.o [1]
RCC_IRQHandler           0x800'0de9        Code  Wk  startup_stm32f40_41xxx.o [1]
RTC_Alarm_IRQHandler     0x800'0e71        Code  Wk  startup_stm32f40_41xxx.o [1]
RTC_WKUP_IRQHandler      0x800'0de1        Code  Wk  startup_stm32f40_41xxx.o [1]
Region$$Table$$Base      0x800'0d50         --   Gb  - Linker created -
Region$$Table$$Limit     0x800'0d60         --   Gb  - Linker created -
Reset_Handler            0x800'0dc5        Code  Wk  startup_stm32f40_41xxx.o [1]
SDIO_IRQHandler          0x800'0e91        Code  Wk  startup_stm32f40_41xxx.o [1]
SPI1_IRQHandler          0x800'0e59        Code  Wk  startup_stm32f40_41xxx.o [1]
SPI2_IRQHandler          0x800'0e5d        Code  Wk  startup_stm32f40_41xxx.o [1]
SPI3_IRQHandler          0x800'0e99        Code  Wk  startup_stm32f40_41xxx.o [1]
SVC_Handler              0x800'0d25   0x2  Code  Gb  stm32f4xx_it.o [1]
Serial_Receive           0x800'02cf  0x1a  Code  Gb  main.o [1]
Serial_Send              0x800'02af  0x20  Code  Gb  main.o [1]
SysTick_Handler          0x800'0d2b   0x2  Code  Gb  stm32f4xx_it.o [1]
SystemInit               0x800'0c91  0x40  Code  Gb  system_stm32f4xx.o [1]
TAMP_STAMP_IRQHandler    0x800'0ddd        Code  Wk  startup_stm32f40_41xxx.o [1]
TIM1_BRK_TIM9_IRQHandler
                         0x800'0e31        Code  Wk  startup_stm32f40_41xxx.o [1]
TIM1_CC_IRQHandler       0x800'0e3d        Code  Wk  startup_stm32f40_41xxx.o [1]
TIM1_TRG_COM_TIM11_IRQHandler
                         0x800'0e39        Code  Wk  startup_stm32f40_41xxx.o [1]
TIM1_UP_TIM10_IRQHandler
                         0x800'0e35        Code  Wk  startup_stm32f40_41xxx.o [1]
TIM2_Configuration       0x800'02e9  0x70  Code  Gb  main.o [1]
TIM2_IRQHandler          0x800'04b7  0x9c  Code  Gb  main.o [1]
TIM3_IRQHandler          0x800'0e41        Code  Wk  startup_stm32f40_41xxx.o [1]
TIM4_IRQHandler          0x800'0e45        Code  Wk  startup_stm32f40_41xxx.o [1]
TIM5_IRQHandler          0x800'0e95        Code  Wk  startup_stm32f40_41xxx.o [1]
TIM6_DAC_IRQHandler      0x800'0ea5        Code  Wk  startup_stm32f40_41xxx.o [1]
TIM7_IRQHandler          0x800'0ea9        Code  Wk  startup_stm32f40_41xxx.o [1]
TIM8_BRK_TIM12_IRQHandler
                         0x800'0e79        Code  Wk  startup_stm32f40_41xxx.o [1]
TIM8_CC_IRQHandler       0x800'0e85        Code  Wk  startup_stm32f40_41xxx.o [1]
TIM8_TRG_COM_TIM14_IRQHandler
                         0x800'0e81        Code  Wk  startup_stm32f40_41xxx.o [1]
TIM8_UP_TIM13_IRQHandler
                         0x800'0e7d        Code  Wk  startup_stm32f40_41xxx.o [1]
TIM_ClearITPendingBit    0x800'0a3d   0x8  Code  Gb  stm32f4xx_tim.o [1]
TIM_Cmd                  0x800'09c7  0x1c  Code  Gb  stm32f4xx_tim.o [1]
TIM_GetITStatus          0x800'0a19  0x24  Code  Gb  stm32f4xx_tim.o [1]
TIM_ITConfig             0x800'0a01  0x18  Code  Gb  stm32f4xx_tim.o [1]
TIM_TimeBaseInit         0x800'0959  0x6e  Code  Gb  stm32f4xx_tim.o [1]
UART4_IRQHandler         0x800'0e9d        Code  Wk  startup_stm32f40_41xxx.o [1]
UART5_IRQHandler         0x800'0ea1        Code  Wk  startup_stm32f40_41xxx.o [1]
USART1_IRQHandler        0x800'0e61        Code  Wk  startup_stm32f40_41xxx.o [1]
USART2_Configuration     0x800'0359  0x7e  Code  Gb  main.o [1]
USART2_IRQHandler        0x800'0e65        Code  Wk  startup_stm32f40_41xxx.o [1]
USART3_IRQHandler        0x800'0e69        Code  Wk  startup_stm32f40_41xxx.o [1]
USART6_IRQHandler        0x800'0ee9        Code  Wk  startup_stm32f40_41xxx.o [1]
USART_Cmd                0x800'08d9  0x1c  Code  Gb  stm32f4xx_usart.o [1]
USART_GetFlagStatus      0x800'0905  0x1a  Code  Gb  stm32f4xx_usart.o [1]
USART_Init               0x800'0811  0xba  Code  Gb  stm32f4xx_usart.o [1]
USART_ReceiveData        0x800'08fd   0x8  Code  Gb  stm32f4xx_usart.o [1]
USART_SendData           0x800'08f5   0x8  Code  Gb  stm32f4xx_usart.o [1]
UsageFault_Handler       0x800'0d23   0x2  Code  Gb  stm32f4xx_it.o [1]
WWDG_IRQHandler          0x800'0dd5        Code  Wk  startup_stm32f40_41xxx.o [1]
__cmain                  0x800'0d61        Code  Gb  cmain.o [4]
__exit                   0x800'0d95  0x14  Code  Gb  exit.o [5]
__iar_data_init3         0x800'0cf1  0x18  Code  Gb  data_init.o [4]
__iar_init_vfp           0x800'0d2d        Code  Gb  fpinit_M.o [3]
__iar_packbits_init_single3
                         0x800'091f  0x3a  Code  Gb  packbits_init_single.o [4]
__iar_program_start      0x800'0da9        Code  Gb  cstartup_M.o [4]
__low_level_init         0x800'0d7f   0x4  Code  Gb  low_level_init.o [2]
__vector_table           0x800'0000        Data  Gb  startup_stm32f40_41xxx.o [1]
_call_main               0x800'0d6d        Code  Gb  cmain.o [4]
_exit                    0x800'0d89        Code  Gb  cexit.o [4]
exit                     0x800'0d83   0x4  Code  Gb  exit.o [2]
getdata                 0x2000'0034   0x1  Data  Gb  main.o [1]
main                     0x800'0553  0x50  Code  Gb  main.o [1]
send_count              0x2000'0032   0x2  Data  Gb  main.o [1]


[1] = C:\Users\CXADO6919\Desktop\en.stsw-stm32065_v1-9-0\STM32F4xx_DSP_StdPeriph_Lib_V1.9.0\Project\PhysicalComputingProject\Debug\Obj
[2] = dl7M_tln.a
[3] = m7M_tls.a
[4] = rt7M_tl.a
[5] = shb_l.a

  3'842 bytes of readonly  code memory
     46 bytes of readonly  data memory
  8'245 bytes of readwrite data memory

Errors: none
Warnings: none
